1787591110.434469 client started (3426094): version 3.4, socket /tmp/tmux-1000/default, protocol 8
1787591110.434520 on Linux 7.0.0-1010-aws #10~24.04.1-Ubuntu SMP PREEMPT Mon Jul 27 17:18:05 UTC 2026
1787591110.437040 using libevent 2.1.12-stable poll
1787591110.437060 using ncurses 6.4 20240113
1787591110.437080 flags are 0x10010000
1787591110.437190 socket is /tmp/tmux-1000/default
1787591110.437213 trying connect
1787591110.437390 add peer 0xab6161821d10: 6 ((nil))
1787591110.437985 sending message 100 to peer 0xab6161821d10 (4 bytes)
1787591110.437993 sending message 111 to peer 0xab6161821d10 (8 bytes)
1787591110.437996 sending message 101 to peer 0xab6161821d10 (14 bytes)
1787591110.437998 sending message 109 to peer 0xab6161821d10 (4 bytes)
1787591110.437999 sending message 102 to peer 0xab6161821d10 (12 bytes)
1787591110.438001 sending message 108 to peer 0xab6161821d10 (85 bytes)
1787591110.438003 sending message 112 to peer 0xab6161821d10 (70 bytes)
1787591110.438004 sending message 112 to peer 0xab6161821d10 (5 bytes)
1787591110.438007 sending message 112 to peer 0xab6161821d10 (5 bytes)
1787591110.438008 sending message 112 to peer 0xab6161821d10 (6 bytes)
1787591110.438010 sending message 112 to peer 0xab6161821d10 (6 bytes)
1787591110.438012 sending message 112 to peer 0xab6161821d10 (11 bytes)
1787591110.438013 sending message 112 to peer 0xab6161821d10 (10 bytes)
1787591110.438015 sending message 112 to peer 0xab6161821d10 (13 bytes)
1787591110.438017 sending message 112 to peer 0xab6161821d10 (13 bytes)
1787591110.438018 sending message 112 to peer 0xab6161821d10 (18 bytes)
1787591110.438020 sending message 112 to peer 0xab6161821d10 (11 bytes)
1787591110.438021 sending message 112 to peer 0xab6161821d10 (10 bytes)
1787591110.438023 sending message 112 to peer 0xab6161821d10 (15 bytes)
1787591110.438043 sending message 112 to peer 0xab6161821d10 (21 bytes)
1787591110.438045 sending message 112 to peer 0xab6161821d10 (13 bytes)
1787591110.438047 sending message 112 to peer 0xab6161821d10 (7 bytes)
1787591110.438048 sending message 112 to peer 0xab6161821d10 (13 bytes)
1787591110.438050 sending message 112 to peer 0xab6161821d10 (7 bytes)
1787591110.438052 sending message 112 to peer 0xab6161821d10 (13 bytes)
1787591110.438054 sending message 112 to peer 0xab6161821d10 (9 bytes)
1787591110.438055 sending message 112 to peer 0xab6161821d10 (21 bytes)
1787591110.438057 sending message 112 to peer 0xab6161821d10 (13 bytes)
1787591110.438058 sending message 112 to peer 0xab6161821d10 (8 bytes)
1787591110.438060 sending message 112 to peer 0xab6161821d10 (12 bytes)
1787591110.438062 sending message 112 to peer 0xab6161821d10 (13 bytes)
1787591110.438063 sending message 112 to peer 0xab6161821d10 (9 bytes)
1787591110.438065 sending message 112 to peer 0xab6161821d10 (9 bytes)
1787591110.438066 sending message 112 to peer 0xab6161821d10 (12 bytes)
1787591110.438068 sending message 112 to peer 0xab6161821d10 (8 bytes)
1787591110.438069 sending message 112 to peer 0xab6161821d10 (8 bytes)
1787591110.438071 sending message 112 to peer 0xab6161821d10 (7 bytes)
1787591110.438073 sending message 112 to peer 0xab6161821d10 (7 bytes)
1787591110.438074 sending message 112 to peer 0xab6161821d10 (9 bytes)
1787591110.438076 sending message 112 to peer 0xab6161821d10 (13 bytes)
1787591110.438077 sending message 112 to peer 0xab6161821d10 (6 bytes)
1787591110.438079 sending message 112 to peer 0xab6161821d10 (9 bytes)
1787591110.438081 sending message 112 to peer 0xab6161821d10 (15 bytes)
1787591110.438082 sending message 112 to peer 0xab6161821d10 (13 bytes)
1787591110.438084 sending message 112 to peer 0xab6161821d10 (12 bytes)
1787591110.438085 sending message 112 to peer 0xab6161821d10 (8 bytes)
1787591110.438087 sending message 112 to peer 0xab6161821d10 (14 bytes)
1787591110.438089 sending message 112 to peer 0xab6161821d10 (11 bytes)
1787591110.438090 sending message 112 to peer 0xab6161821d10 (9 bytes)
1787591110.438092 sending message 112 to peer 0xab6161821d10 (10 bytes)
1787591110.438093 sending message 112 to peer 0xab6161821d10 (10 bytes)
1787591110.438106 sending message 112 to peer 0xab6161821d10 (10 bytes)
1787591110.438107 sending message 112 to peer 0xab6161821d10 (10 bytes)
1787591110.438109 sending message 112 to peer 0xab6161821d10 (11 bytes)
1787591110.438111 sending message 112 to peer 0xab6161821d10 (12 bytes)
1787591110.438112 sending message 112 to peer 0xab6161821d10 (12 bytes)
1787591110.438114 sending message 112 to peer 0xab6161821d10 (12 bytes)
1787591110.438116 sending message 112 to peer 0xab6161821d10 (12 bytes)
1787591110.438117 sending message 112 to peer 0xab6161821d10 (12 bytes)
1787591110.438119 sending message 112 to peer 0xab6161821d10 (11 bytes)
1787591110.438121 sending message 112 to peer 0xab6161821d10 (11 bytes)
1787591110.438122 sending message 112 to peer 0xab6161821d10 (12 bytes)
1787591110.438124 sending message 112 to peer 0xab6161821d10 (12 bytes)
1787591110.438125 sending message 112 to peer 0xab6161821d10 (12 bytes)
1787591110.438127 sending message 112 to peer 0xab6161821d10 (12 bytes)
1787591110.438129 sending message 112 to peer 0xab6161821d10 (12 bytes)
1787591110.438130 sending message 112 to peer 0xab6161821d10 (10 bytes)
1787591110.438132 sending message 112 to peer 0xab6161821d10 (12 bytes)
1787591110.438133 sending message 112 to peer 0xab6161821d10 (13 bytes)
1787591110.438135 sending message 112 to peer 0xab6161821d10 (13 bytes)
1787591110.438137 sending message 112 to peer 0xab6161821d10 (13 bytes)
1787591110.438138 sending message 112 to peer 0xab6161821d10 (13 bytes)
1787591110.438140 sending message 112 to peer 0xab6161821d10 (13 bytes)
1787591110.438141 sending message 112 to peer 0xab6161821d10 (8 bytes)
1787591110.438143 sending message 112 to peer 0xab6161821d10 (11 bytes)
1787591110.438145 sending message 112 to peer 0xab6161821d10 (11 bytes)
1787591110.438146 sending message 112 to peer 0xab6161821d10 (11 bytes)
1787591110.438148 sending message 112 to peer 0xab6161821d10 (12 bytes)
1787591110.438149 sending message 112 to peer 0xab6161821d10 (12 bytes)
1787591110.438151 sending message 112 to peer 0xab6161821d10 (12 bytes)
1787591110.438153 sending message 112 to peer 0xab6161821d10 (12 bytes)
1787591110.438154 sending message 112 to peer 0xab6161821d10 (13 bytes)
1787591110.438156 sending message 112 to peer 0xab6161821d10 (13 bytes)
1787591110.438157 sending message 112 to peer 0xab6161821d10 (13 bytes)
1787591110.438159 sending message 112 to peer 0xab6161821d10 (8 bytes)
1787591110.438161 sending message 112 to peer 0xab6161821d10 (13 bytes)
1787591110.438162 sending message 112 to peer 0xab6161821d10 (13 bytes)
1787591110.438164 sending message 112 to peer 0xab6161821d10 (13 bytes)
1787591110.438165 sending message 112 to peer 0xab6161821d10 (13 bytes)
1787591110.438167 sending message 112 to peer 0xab6161821d10 (13 bytes)
1787591110.438168 sending message 112 to peer 0xab6161821d10 (12 bytes)
1787591110.438170 sending message 112 to peer 0xab6161821d10 (12 bytes)
1787591110.438172 sending message 112 to peer 0xab6161821d10 (12 bytes)
1787591110.438173 sending message 112 to peer 0xab6161821d10 (12 bytes)
1787591110.438175 sending message 112 to peer 0xab6161821d10 (13 bytes)
1787591110.438176 sending message 112 to peer 0xab6161821d10 (8 bytes)
1787591110.438178 sending message 112 to peer 0xab6161821d10 (13 bytes)
1787591110.438180 sending message 112 to peer 0xab6161821d10 (13 bytes)
1787591110.438181 sending message 112 to peer 0xab6161821d10 (13 bytes)
1787591110.438183 sending message 112 to peer 0xab6161821d10 (13 bytes)
1787591110.438184 sending message 112 to peer 0xab6161821d10 (13 bytes)
1787591110.438186 sending message 112 to peer 0xab6161821d10 (13 bytes)
1787591110.438188 sending message 112 to peer 0xab6161821d10 (13 bytes)
1787591110.438189 sending message 112 to peer 0xab6161821d10 (12 bytes)
1787591110.438191 sending message 112 to peer 0xab6161821d10 (12 bytes)
1787591110.438193 sending message 112 to peer 0xab6161821d10 (12 bytes)
1787591110.438194 sending message 112 to peer 0xab6161821d10 (8 bytes)
1787591110.438196 sending message 112 to peer 0xab6161821d10 (12 bytes)
1787591110.438200 sending message 112 to peer 0xab6161821d10 (13 bytes)
1787591110.438202 sending message 112 to peer 0xab6161821d10 (13 bytes)
1787591110.438203 sending message 112 to peer 0xab6161821d10 (13 bytes)
1787591110.438205 sending message 112 to peer 0xab6161821d10 (13 bytes)
1787591110.438207 sending message 112 to peer 0xab6161821d10 (13 bytes)
1787591110.438208 sending message 112 to peer 0xab6161821d10 (13 bytes)
1787591110.438210 sending message 112 to peer 0xab6161821d10 (13 bytes)
1787591110.438211 sending message 112 to peer 0xab6161821d10 (13 bytes)
1787591110.438213 sending message 112 to peer 0xab6161821d10 (12 bytes)
1787591110.438215 sending message 112 to peer 0xab6161821d10 (10 bytes)
1787591110.438216 sending message 112 to peer 0xab6161821d10 (12 bytes)
1787591110.438218 sending message 112 to peer 0xab6161821d10 (12 bytes)
1787591110.438219 sending message 112 to peer 0xab6161821d10 (12 bytes)
1787591110.438221 sending message 112 to peer 0xab6161821d10 (13 bytes)
1787591110.438223 sending message 112 to peer 0xab6161821d10 (13 bytes)
1787591110.438224 sending message 112 to peer 0xab6161821d10 (13 bytes)
1787591110.438226 sending message 112 to peer 0xab6161821d10 (13 bytes)
1787591110.438227 sending message 112 to peer 0xab6161821d10 (13 bytes)
1787591110.438229 sending message 112 to peer 0xab6161821d10 (13 bytes)
1787591110.438230 sending message 112 to peer 0xab6161821d10 (13 bytes)
1787591110.438232 sending message 112 to peer 0xab6161821d10 (10 bytes)
1787591110.438234 sending message 112 to peer 0xab6161821d10 (13 bytes)
1787591110.438235 sending message 112 to peer 0xab6161821d10 (12 bytes)
1787591110.438237 sending message 112 to peer 0xab6161821d10 (12 bytes)
1787591110.438238 sending message 112 to peer 0xab6161821d10 (12 bytes)
1787591110.438240 sending message 112 to peer 0xab6161821d10 (10 bytes)
1787591110.438242 sending message 112 to peer 0xab6161821d10 (10 bytes)
1787591110.438243 sending message 112 to peer 0xab6161821d10 (10 bytes)
1787591110.438245 sending message 112 to peer 0xab6161821d10 (12 bytes)
1787591110.439393 sending message 112 to peer 0xab6161821d10 (13 bytes)
1787591110.439405 sending message 112 to peer 0xab6161821d10 (13 bytes)
1787591110.439409 sending message 112 to peer 0xab6161821d10 (13 bytes)
1787591110.439411 sending message 112 to peer 0xab6161821d10 (13 bytes)
1787591110.439414 sending message 112 to peer 0xab6161821d10 (13 bytes)
1787591110.439416 sending message 112 to peer 0xab6161821d10 (11 bytes)
1787591110.439417 sending message 112 to peer 0xab6161821d10 (11 bytes)
1787591110.439419 sending message 112 to peer 0xab6161821d10 (12 bytes)
1787591110.439421 sending message 112 to peer 0xab6161821d10 (12 bytes)
1787591110.439423 sending message 112 to peer 0xab6161821d10 (12 bytes)
1787591110.439425 sending message 112 to peer 0xab6161821d10 (12 bytes)
1787591110.439426 sending message 112 to peer 0xab6161821d10 (12 bytes)
1787591110.439428 sending message 112 to peer 0xab6161821d10 (11 bytes)
1787591110.439430 sending message 112 to peer 0xab6161821d10 (12 bytes)
1787591110.439432 sending message 112 to peer 0xab6161821d10 (12 bytes)
1787591110.439433 sending message 112 to peer 0xab6161821d10 (13 bytes)
1787591110.439435 sending message 112 to peer 0xab6161821d10 (13 bytes)
1787591110.439437 sending message 112 to peer 0xab6161821d10 (13 bytes)
1787591110.439438 sending message 112 to peer 0xab6161821d10 (13 bytes)
1787591110.439440 sending message 112 to peer 0xab6161821d10 (13 bytes)
1787591110.439442 sending message 112 to peer 0xab6161821d10 (10 bytes)
1787591110.439443 sending message 112 to peer 0xab6161821d10 (9 bytes)
1787591110.439445 sending message 112 to peer 0xab6161821d10 (12 bytes)
1787591110.439447 sending message 112 to peer 0xab6161821d10 (13 bytes)
1787591110.439448 sending message 112 to peer 0xab6161821d10 (13 bytes)
1787591110.439450 sending message 112 to peer 0xab6161821d10 (13 bytes)
1787591110.439452 sending message 112 to peer 0xab6161821d10 (13 bytes)
1787591110.439454 sending message 112 to peer 0xab6161821d10 (13 bytes)
1787591110.439463 sending message 112 to peer 0xab6161821d10 (9 bytes)
1787591110.439465 sending message 112 to peer 0xab6161821d10 (12 bytes)
1787591110.439466 sending message 112 to peer 0xab6161821d10 (13 bytes)
1787591110.439468 sending message 112 to peer 0xab6161821d10 (13 bytes)
1787591110.439470 sending message 112 to peer 0xab6161821d10 (13 bytes)
1787591110.439471 sending message 112 to peer 0xab6161821d10 (13 bytes)
1787591110.439473 sending message 112 to peer 0xab6161821d10 (13 bytes)
1787591110.439475 sending message 112 to peer 0xab6161821d10 (11 bytes)
1787591110.439476 sending message 112 to peer 0xab6161821d10 (12 bytes)
1787591110.439478 sending message 112 to peer 0xab6161821d10 (13 bytes)
1787591110.439479 sending message 112 to peer 0xab6161821d10 (13 bytes)
1787591110.439481 sending message 112 to peer 0xab6161821d10 (13 bytes)
1787591110.439483 sending message 112 to peer 0xab6161821d10 (13 bytes)
1787591110.439484 sending message 112 to peer 0xab6161821d10 (13 bytes)
1787591110.439486 sending message 112 to peer 0xab6161821d10 (11 bytes)
1787591110.439488 sending message 112 to peer 0xab6161821d10 (12 bytes)
1787591110.439489 sending message 112 to peer 0xab6161821d10 (12 bytes)
1787591110.439491 sending message 112 to peer 0xab6161821d10 (12 bytes)
1787591110.439493 sending message 112 to peer 0xab6161821d10 (12 bytes)
1787591110.439494 sending message 112 to peer 0xab6161821d10 (12 bytes)
1787591110.439496 sending message 112 to peer 0xab6161821d10 (21 bytes)
1787591110.439498 sending message 112 to peer 0xab6161821d10 (12 bytes)
1787591110.439500 sending message 112 to peer 0xab6161821d10 (9 bytes)
1787591110.439501 sending message 112 to peer 0xab6161821d10 (6 bytes)
1787591110.439503 sending message 112 to peer 0xab6161821d10 (13 bytes)
1787591110.439505 sending message 112 to peer 0xab6161821d10 (8 bytes)
1787591110.439507 sending message 112 to peer 0xab6161821d10 (15 bytes)
1787591110.439508 sending message 112 to peer 0xab6161821d10 (13 bytes)
1787591110.439510 sending message 112 to peer 0xab6161821d10 (9 bytes)
1787591110.439512 sending message 112 to peer 0xab6161821d10 (70 bytes)
1787591110.439514 sending message 112 to peer 0xab6161821d10 (69 bytes)
1787591110.439515 sending message 112 to peer 0xab6161821d10 (10 bytes)
1787591110.439517 sending message 112 to peer 0xab6161821d10 (10 bytes)
1787591110.439519 sending message 112 to peer 0xab6161821d10 (8 bytes)
1787591110.439520 sending message 112 to peer 0xab6161821d10 (15 bytes)
1787591110.439522 sending message 112 to peer 0xab6161821d10 (13 bytes)
1787591110.439524 sending message 112 to peer 0xab6161821d10 (10 bytes)
1787591110.439525 sending message 112 to peer 0xab6161821d10 (10 bytes)
1787591110.439527 sending message 112 to peer 0xab6161821d10 (17 bytes)
1787591110.439529 sending message 112 to peer 0xab6161821d10 (10 bytes)
1787591110.439530 sending message 112 to peer 0xab6161821d10 (13 bytes)
1787591110.439532 sending message 112 to peer 0xab6161821d10 (9 bytes)
1787591110.439534 sending message 112 to peer 0xab6161821d10 (5 bytes)
1787591110.439535 sending message 112 to peer 0xab6161821d10 (15 bytes)
1787591110.439538 sending message 104 to peer 0xab6161821d10 (0 bytes)
1787591110.439540 sending message 110 to peer 0xab6161821d10 (0 bytes)
1787591110.439543 sending message 107 to peer 0xab6161821d10 (4 bytes)
1787591110.439545 sending message 105 to peer 0xab6161821d10 (16 bytes)
1787591110.439547 sending message 105 to peer 0xab6161821d10 (19 bytes)
1787591110.439548 sending message 105 to peer 0xab6161821d10 (62 bytes)
1787591110.439550 sending message 105 to peer 0xab6161821d10 (25 bytes)
1787591110.439552 sending message 105 to peer 0xab6161821d10 (15 bytes)
1787591110.439553 sending message 105 to peer 0xab6161821d10 (36 bytes)
1787591110.439555 sending message 105 to peer 0xab6161821d10 (103 bytes)
1787591110.439557 sending message 105 to peer 0xab6161821d10 (51 bytes)
1787591110.439559 sending message 105 to peer 0xab6161821d10 (53 bytes)
1787591110.439561 sending message 105 to peer 0xab6161821d10 (45 bytes)
1787591110.439565 sending message 105 to peer 0xab6161821d10 (89 bytes)
1787591110.439567 sending message 105 to peer 0xab6161821d10 (84 bytes)
1787591110.439568 sending message 105 to peer 0xab6161821d10 (15 bytes)
1787591110.439570 sending message 105 to peer 0xab6161821d10 (22 bytes)
1787591110.439572 sending message 105 to peer 0xab6161821d10 (27 bytes)
1787591110.439573 sending message 105 to peer 0xab6161821d10 (18 bytes)
1787591110.439575 sending message 105 to peer 0xab6161821d10 (13 bytes)
1787591110.439577 sending message 105 to peer 0xab6161821d10 (27 bytes)
1787591110.439579 sending message 105 to peer 0xab6161821d10 (1817 bytes)
1787591110.439590 sending message 105 to peer 0xab6161821d10 (128 bytes)
1787591110.439592 sending message 105 to peer 0xab6161821d10 (47 bytes)
1787591110.439593 sending message 105 to peer 0xab6161821d10 (46 bytes)
1787591110.439595 sending message 105 to peer 0xab6161821d10 (15 bytes)
1787591110.439597 sending message 105 to peer 0xab6161821d10 (39 bytes)
1787591110.439598 sending message 105 to peer 0xab6161821d10 (26 bytes)
1787591110.439600 sending message 105 to peer 0xab6161821d10 (34 bytes)
1787591110.439602 sending message 105 to peer 0xab6161821d10 (19 bytes)
1787591110.439603 sending message 105 to peer 0xab6161821d10 (32 bytes)
1787591110.439605 sending message 105 to peer 0xab6161821d10 (12 bytes)
1787591110.439607 sending message 105 to peer 0xab6161821d10 (15 bytes)
1787591110.439608 sending message 105 to peer 0xab6161821d10 (8 bytes)
1787591110.439610 sending message 105 to peer 0xab6161821d10 (14 bytes)
1787591110.439611 sending message 105 to peer 0xab6161821d10 (35 bytes)
1787591110.439613 sending message 105 to peer 0xab6161821d10 (20 bytes)
1787591110.439615 sending message 105 to peer 0xab6161821d10 (32 bytes)
1787591110.439616 sending message 105 to peer 0xab6161821d10 (31 bytes)
1787591110.439618 sending message 105 to peer 0xab6161821d10 (25 bytes)
1787591110.439619 sending message 105 to peer 0xab6161821d10 (47 bytes)
1787591110.439621 sending message 105 to peer 0xab6161821d10 (30 bytes)
1787591110.439623 sending message 105 to peer 0xab6161821d10 (24 bytes)
1787591110.439624 sending message 105 to peer 0xab6161821d10 (84 bytes)
1787591110.439626 sending message 105 to peer 0xab6161821d10 (342 bytes)
1787591110.439628 sending message 105 to peer 0xab6161821d10 (54 bytes)
1787591110.439630 sending message 105 to peer 0xab6161821d10 (53 bytes)
1787591110.439632 sending message 105 to peer 0xab6161821d10 (38 bytes)
1787591110.439633 sending message 105 to peer 0xab6161821d10 (73 bytes)
1787591110.439635 sending message 105 to peer 0xab6161821d10 (17 bytes)
1787591110.439637 sending message 105 to peer 0xab6161821d10 (18 bytes)
1787591110.439639 sending message 105 to peer 0xab6161821d10 (18 bytes)
1787591110.439640 sending message 105 to peer 0xab6161821d10 (16 bytes)
1787591110.439642 sending message 106 to peer 0xab6161821d10 (0 bytes)
1787591110.439693 sending message 200 to peer 0xab6161821d10 (4 bytes)
1787591110.439695 client loop enter
1787591110.440961 peer 0xab6161821d10 message 303
1787591110.441093 open write file 2 -
1787591110.441108 sending message 305 to peer 0xab6161821d10 (8 bytes)
1787591110.441123 write check file 2
1787591110.441242 peer 0xab6161821d10 message 304
1787591110.441246 write 58 to file 2
1787591110.441250 peer 0xab6161821d10 message 203
1787591110.441252 file 2 58 bytes left
1787591110.441277 write check file 2
1787591110.441279 client loop exit
