// Vitest Snapshot v1, https://vitest.dev/guide/snapshot.html

exports[`AutomationsPage sections > given a project with every kind of automation > prints the automations section 1`] = `"AutomationsAutomationsOverviewAutomationsReportsWatch a trace filter or a graph, and act when something matches.Automations4 New automationNameWatchesDeliveryLast firedFires (30 days)StatusActiveError digestTrace filterEvaluationsToxicity, PIIEmailada@example.com, bob@example.com—4—Every traceTrace filterMatches every traceSlackSlack webhook—0—PausedNoisy oneTrace filterMatches every traceEmailc@example.com—0—1,234 skipped todayLatency alertGraph deletedp95greater than 2Emailops@example.com—3Firing"`;

exports[`AutomationsPage sections > given a project with every kind of automation > prints the overview section 1`] = `"OverviewAutomationsOverviewAutomationsReportsSee what is firing, what is scheduled next, and recent automation activity. CreateFiring now1automations over their thresholdFired (30 days)7across every automationNext scheduled—no reports queuedRecent activitySee what your automations and reports have done recently.Nothing has fired yet. When your automations and reports run, you'll see what they did here.Popular usesStart from a common workflow and tailor it to your project.Watching a graphError spikeNotify Slack when errors exceed a threshold.Traffic dropKnow when traces stop arriving.Cost spikeWatch spend on a cost graph.Watching a trace filterFlag failing evaluationsGet a Slack message for every failure.Build a dataset from errorsCollect errored traces into a dataset.Queue for reviewSend errored traces to your annotators."`;

exports[`AutomationsPage sections > given a project with every kind of automation > prints the reports section 1`] = `"ReportsAutomationsOverviewAutomationsReportsSend a dashboard, graph, or trace table on a recurring schedule.Reports1 New reportNameSendsScheduleNext runLast runDeliveryActiveWeekly reportTop 5 tracesmatching your filtersNot setNot scheduledNot yetEmail"`;

exports[`AutomationsPage sections > given a project with no automations > prints the empty automations section 1`] = `"AutomationsAutomationsOverviewAutomationsReportsWatch a trace filter or a graph, and act when something matches.Automations0 New automationPopular usesFlag failing evaluationsGet a Slack message for every failure.Build a dataset from errorsCollect errored traces into a dataset.Queue for reviewSend errored traces to your annotators.Error spikeNotify Slack when errors exceed a threshold.Traffic dropKnow when traces stop arriving.Cost spikeWatch spend on a cost graph."`;

exports[`AutomationsPage sections > given a project with no automations > prints the empty overview section 1`] = `"OverviewAutomationsOverviewAutomationsReportsSee what is firing, what is scheduled next, and recent automation activity. CreateFiring now0all clearFired (30 days)0across every automationNext scheduled—no reports queuedRecent activitySee what your automations and reports have done recently.Nothing has fired yet. When your automations and reports run, you'll see what they did here.Popular usesStart from a common workflow and tailor it to your project.Watching a graphError spikeNotify Slack when errors exceed a threshold.Traffic dropKnow when traces stop arriving.Cost spikeWatch spend on a cost graph.Watching a trace filterFlag failing evaluationsGet a Slack message for every failure.Build a dataset from errorsCollect errored traces into a dataset.Queue for reviewSend errored traces to your annotators."`;

exports[`AutomationsPage sections > given a project with no automations > prints the empty reports section 1`] = `"ReportsAutomationsOverviewAutomationsReportsSend a dashboard, graph, or trace table on a recurring schedule.Reports0 New reportNo reports yet. Create one for a recurring Slack or email digest."`;
