// Vitest Snapshot v1, https://vitest.dev/guide/snapshot.html

exports[`AutomationsPage sections > given a project with every kind of automation > prints the alerts section 1`] = `"AutomationsOverviewAutomationsAlertsSchedulesAlertsGet told when a metric crosses a threshold and when it recovers.Alerts1Get told when a metric crosses a threshold, and again when it recovers. New alertNameWatchesFires whenNotifiesLast firedStatusActiveLatency alertGraph deletedp95greater than 2ops@example.com—Firing"`;

exports[`AutomationsPage sections > given a project with every kind of automation > prints the automations section 1`] = `"AutomationsOverviewAutomationsAlertsSchedulesAutomationsAct on every incoming trace that matches your filters.Automations3Act on every incoming trace that matches your filters. New automationNameActs onThenLast firedFires (30d)ActiveError digestEvaluationsToxicity, PIIEmailada@example.com, bob@example.com—4Every traceSlackWebhook—0PausedNoisy oneEmailc@example.com—01,234 skipped today"`;

exports[`AutomationsPage sections > given a project with every kind of automation > prints the overview section 1`] = `"AutomationsOverviewAutomationsAlertsSchedulesOverviewSee what is firing, what is scheduled next, and recent automation activity.Firing now1alerts over their thresholdFired (30 days)7across every automationNext scheduled—no schedules queuedRecent activitySee what alerts, schedules, and automations have done recently.Nothing has fired yet. When your automations, alerts, and reports run, you'll see what they did here.Popular usesStart from a common workflow and tailor it to your project.AlertsError spikeNotify Slack when errors exceed a threshold.Traffic dropKnow when traces stop arriving.Cost spikeWatch spend on a cost graph.AutomationsFlag failing evaluationsGet a Slack message for every failure.Build a dataset from errorsCollect errored traces into a dataset.Queue for reviewSend errored traces to your annotators."`;

exports[`AutomationsPage sections > given a project with every kind of automation > prints the schedules section 1`] = `"AutomationsOverviewAutomationsAlertsSchedulesSchedulesSend a dashboard, graph, or trace table on a recurring cadence.Schedules1Send a dashboard, a graph, or a table of traces on a recurring schedule. New scheduleNameSendsScheduleNext runLast runDeliveryActiveWeekly reportTop 5 tracesmatching your filtersNot setNot scheduledNot yetEmail"`;

exports[`AutomationsPage sections > given a project with no automations > prints the empty alerts section 1`] = `"AutomationsOverviewAutomationsAlertsSchedulesAlertsGet told when a metric crosses a threshold and when it recovers.Alerts0Get told when a metric crosses a threshold, and again when it recovers. New alertPopular usesError spikeNotify Slack when errors exceed a threshold.Traffic dropKnow when traces stop arriving.Cost spikeWatch spend on a cost graph."`;

exports[`AutomationsPage sections > given a project with no automations > prints the empty automations section 1`] = `"AutomationsOverviewAutomationsAlertsSchedulesAutomationsAct on every incoming trace that matches your filters.Automations0Act on every incoming trace that matches your filters. New automationPopular usesFlag failing evaluationsGet a Slack message for every failure.Build a dataset from errorsCollect errored traces into a dataset.Queue for reviewSend errored traces to your annotators."`;

exports[`AutomationsPage sections > given a project with no automations > prints the empty overview section 1`] = `"AutomationsOverviewAutomationsAlertsSchedulesOverviewSee what is firing, what is scheduled next, and recent automation activity.Firing now0all clearFired (30 days)0across every automationNext scheduled—no schedules queuedRecent activitySee what alerts, schedules, and automations have done recently.Nothing has fired yet. When your automations, alerts, and reports run, you'll see what they did here.Popular usesStart from a common workflow and tailor it to your project.AlertsError spikeNotify Slack when errors exceed a threshold.Traffic dropKnow when traces stop arriving.Cost spikeWatch spend on a cost graph.AutomationsFlag failing evaluationsGet a Slack message for every failure.Build a dataset from errorsCollect errored traces into a dataset.Queue for reviewSend errored traces to your annotators."`;

exports[`AutomationsPage sections > given a project with no automations > prints the empty schedules section 1`] = `"AutomationsOverviewAutomationsAlertsSchedulesSchedulesSend a dashboard, graph, or trace table on a recurring cadence.Schedules0Send a dashboard, a graph, or a table of traces on a recurring schedule. New scheduleNo schedules yet. Create one for a recurring Slack or email digest."`;
