# Enterprise packages

<!-- readme:generated:start (tools/readmegen; edit the code, then `pnpm generate:readmes`) -->

| Kind | Package       | What it is (package.json `description`) | Depended on by |
| ---- | ------------- | --------------------------------------- | -------------- |
| –    | `@lw/signing` | Signs licenses \| offline.              | 0              |

Kind is the architecture enforcer's classification; "Depended on by" counts workspace
packages that list the package in their `package.json`.

<!-- readme:generated:end -->
